"PUT / HTTP/1.1\r\nHost: localhost:12345\r\nContent-Length: 97\r\nUser-Agent: python-requests/2.9.1\r\nConnection: keep-alive\r\nAccept: */*\r\nAccept-Encoding: gzip, deflate\r\n\r\n{\"input\": {\"ip\": \"localhost\", \"port\": 5000}, \"name\": \"port_5000\", \"output\": {\"actual_output\": 0}}""PUT / HTTP/1.1\r\nHost: localhost:12345\r\nContent-Length: 101\r\nUser-Agent: python-requests/2.9.1\r\nConnection: keep-alive\r\nAccept: */*\r\nAccept-Encoding: gzip, deflate\r\n\r\n{\"input\": {\"ip\": \"localhost\", \"port\": 35357}, \"name\": \"port_35357\", \"output\": {\"actual_output\": 111}}""PUT / HTTP/1.1\r\nHost: localhost:12345\r\nContent-Length: 143\r\nUser-Agent: python-requests/2.9.1\r\nConnection: keep-alive\r\nAccept: */*\r\nAccept-Encoding: gzip, deflate\r\n\r\n{\"input\": {\"device\": \"/dev/sda5\", \"mountpoint\": \"/nirikshak\", \"fstype\": \"ext4\"}, \"name\": \"disk_not_mounted\", \"output\": {\"actual_output\": null}}""PUT / HTTP/1.1\r\nHost: localhost:12345\r\nContent-Length: 144\r\nUser-Agent: python-requests/2.9.1\r\nConnection: keep-alive\r\nAccept: */*\r\nAccept-Encoding: gzip, deflate\r\n\r\n{\"input\": {\"device\": \"/dev/nvme0n1p3\", \"mountpoint\": \"/nirikshak\", \"fstype\": \"ext4\"}, \"name\": \"disk_mounted\", \"output\": {\"actual_output\": true}}""PUT / HTTP/1.1\r\nHost: localhost:12345\r\nContent-Length: 86\r\nUser-Agent: python-requests/2.9.1\r\nConnection: keep-alive\r\nAccept: */*\r\nAccept-Encoding: gzip, deflate\r\n\r\n{\"input\": {\"name\": \"inifinity\"}, \"name\": \"process\", \"output\": {\"actual_output\": true}}""PUT / HTTP/1.1\r\nHost: localhost:12345\r\nContent-Length: 108\r\nUser-Agent: python-requests/2.9.1\r\nConnection: keep-alive\r\nAccept: */*\r\nAccept-Encoding: gzip, deflate\r\n\r\n{\"input\": {\"name\": \"inifinity_process\"}, \"name\": \"not_existing_process\", \"output\": {\"actual_output\": false}}""PUT / HTTP/1.1\r\nHost: localhost:12345\r\nContent-Length: 147\r\nUser-Agent: python-requests/2.9.1\r\nConnection: keep-alive\r\nAccept: */*\r\nAccept-Encoding: gzip, deflate\r\n\r\n{\"input\": {\"section\": \"default\", \"key\": \"log_level\", \"file\": \"/etc/nirikshak/nirikshak.conf\"}, \"name\": \"ini\", \"output\": {\"actual_output\": \"debug\"}}""PUT / HTTP/1.1\r\nHost: localhost:12345\r\nContent-Length: 160\r\nUser-Agent: python-requests/2.9.1\r\nConnection: keep-alive\r\nAccept: */*\r\nAccept-Encoding: gzip, deflate\r\n\r\n{\"input\": {\"section\": \"default\", \"key\": \"log_levell\", \"file\": \"/etc/nirikshak/nirikshak.conf\"}, \"name\": \"ini_does_not_exist\", \"output\": {\"actual_output\": null}}""PUT / HTTP/1.1\r\nHost: localhost:12345\r\nContent-Length: 104\r\nUser-Agent: python-requests/2.9.1\r\nConnection: keep-alive\r\nAccept: */*\r\nAccept-Encoding: gzip, deflate\r\n\r\n{\"input\": {\"mountpoint\": \"/dev\"}, \"name\": \"disk_available_space\", \"output\": {\"actual_output\": 67108864}}""PUT / HTTP/1.1\r\nHost: localhost:12345\r\nContent-Length: 90\r\nUser-Agent: python-requests/2.9.1\r\nConnection: keep-alive\r\nAccept: */*\r\nAccept-Encoding: gzip, deflate\r\n\r\n{\"input\": {\"host\": \"www.google.com\"}, \"name\": \"google\", \"output\": {\"actual_output\": true}}""PUT / HTTP/1.1\r\nHost: localhost:12345\r\nContent-Length: 88\r\nUser-Agent: python-requests/2.9.1\r\nConnection: keep-alive\r\nAccept: */*\r\nAccept-Encoding: gzip, deflate\r\n\r\n{\"input\": {\"host\": \"localhost\"}, \"name\": \"localhost\", \"output\": {\"actual_output\": true}}""PUT / HTTP/1.1\r\nHost: localhost:12345\r\nContent-Length: 87\r\nUser-Agent: python-requests/2.9.1\r\nConnection: keep-alive\r\nAccept: */*\r\nAccept-Encoding: gzip, deflate\r\n\r\n{\"input\": {\"host\": \"fakehost\"}, \"name\": \"fakehost\", \"output\": {\"actual_output\": false}}"